
> terralys@0.1.0 test D:\Mes Projets\terralys
> vitest


[1m[44m DEV [49m[22m [34mv3.2.4 [39m[90mD:/Mes Projets/terralys[39m

[90mstdout[2m | test/vision.test.ts[2m > [22m[2mVision Service - classifyImage[2m > [22m[2mdevrait classifier une image avec succ├¿s
[22m[39mChargement du mod├¿le de d├®tection de maladies des plantes...

[90mstdout[2m | test/vision.test.ts[2m > [22m[2mVision Service - classifyImage[2m > [22m[2mdevrait classifier une image avec succ├¿s
[22m[39mMod├¿le de d├®tection de maladies charg├® avec succ├¿s !

 [31mÔØ»[39m test/vision.test.ts [2m([22m[2m4 tests[22m[2m | [22m[31m4 failed[39m[2m)[22m[32m 56[2mms[22m[39m
[31m   [31m├ù[31m Vision Service - classifyImage[2m > [22mdevrait classifier une image avec succ├¿s[39m[32m 22[2mms[22m[39m
[31m     ÔåÆ file.arrayBuffer is not a function[39m
[31m   [31m├ù[31m Vision Service - classifyImage[2m > [22mdevrait lever une exception si la classification ├®choue[39m[32m 20[2mms[22m[39m
[31m     ÔåÆ expected [Function] to throw error including 'Aucun r├®sultat de classification obteÔÇª' but got 'file.arrayBuffer is not a function'[39m
[31m   [31m├ù[31m Vision Service - classifyImage[2m > [22mdevrait lever une exception si le chargement du mod├¿le ├®choue[39m[32m 4[2mms[22m[39m
[31m     ÔåÆ expected [Function] to throw error including 'Model loading failed' but got 'file.arrayBuffer is not a function'[39m
[31m   [31m├ù[31m Vision Service - isModelLoaded[2m > [22mdevrait retourner false si le mod├¿le n'est pas charg├®[39m[32m 6[2mms[22m[39m
[31m     ÔåÆ expected true to be false // Object.is equality[39m

[2m Test Files [22m [1m[31m1 failed[39m[22m[90m (1)[39m
[2m      Tests [22m [1m[31m4 failed[39m[22m[90m (4)[39m
[2m   Start at [22m 22:31:30
[2m   Duration [22m 10.05s[2m (transform 425ms, setup 45ms, collect 1.03s, tests 56ms, environment 6.64s, prepare 1.09s)[22m

[1m[41m FAIL [49m[22m [31mTests failed. Watching for file changes...[39m
       [2mpress [22m[1mh[22m[2m to show help[22m[2m, [22m[2mpress [22m[1mq[22m[2m to quit[22m
[31mCancelling test run. Press CTRL+c again to exit forcefully.
[39m
ÔÇëELIFECYCLEÔÇë Test failed. See above for more details.
